// Jest Snapshot v1, https://goo.gl/fbAQLP

exports[`run should error if path is wrong 1`] = `[Error: could not read [35mpackage.json[39m, is the repo path correct?]`;

exports[`run should greet 1`] = `
Array [
  Array [
    "👋 hi, will read [35mpackage.json[39m",
  ],
  Array [
    "you have missing peerDependencies that you will need",
  ],
  Array [
    "  babel-plugin-long-name-transformer,lodash",
  ],
  Array [
    "unable to retrieve version info for some packages, these will be ignored in the upgrade plan",
  ],
  Array [
    "  some-pkg: 404
  other-pkg: exotic",
  ],
  Array [
    "🗒  wrote upgrade plan to [35m.upgreat/plan.json[39m",
  ],
  Array [
    "run [36mupgreat up[39m to start the upgrades!",
  ],
]
`;
