// Jest Snapshot v1, https://goo.gl/fbAQLP

exports[`readJSONFile should return parsed json 1`] = `
Object {
  "hello": true,
}
`;

exports[`readJSONFile should throw error if json parse fails 1`] = `[Error: could not parse [35mnotjson.txt[39m, is it a valid JSON file?]`;

exports[`readJSONFile should throw error if path is wrong 1`] = `[Error: could not read [35mfake.json[39m, is the repo path correct?]`;
